// Jest Snapshot v1, https://goo.gl/fbAQLP

exports[`renders correctly 1`] = `
<View
  style={
    Array [
      Object {
        "backgroundColor": "#f6f6f6",
        "flexBasis": 0,
        "flexGrow": 1,
        "flexShrink": 1,
        "width": "100%",
      },
    ]
  }
>
  <RCTSafeAreaView
    emulateUnlessSupported={true}
    style={
      Array [
        Object {
          "flexBasis": 0,
          "flexGrow": 1,
          "flexShrink": 1,
        },
      ]
    }
  >
    <View
      hasPadding={true}
      style={
        Array [
          Object {
            "backgroundColor": "#f6f6f6",
            "flexBasis": 0,
            "flexGrow": 1,
            "flexShrink": 1,
            "paddingBottom": 0,
            "paddingLeft": 20,
            "paddingRight": 20,
            "paddingTop": 0,
            "width": "100%",
          },
        ]
      }
    >
      <View>
        <Text
          style={
            Array [
              Object {
                "fontFamily": "System",
                "fontSize": 56,
                "fontWeight": "400",
                "lineHeight": 95,
                "marginBottom": 40,
                "marginLeft": 40,
                "marginRight": 40,
                "marginTop": 40,
                "textAlign": "center",
              },
              Object {
                "marginBottom": 30,
              },
            ]
          }
        >
          Reset your password
        </Text>
        <Text
          style={
            Array [
              Object {
                "color": "#aaa",
                "fontFamily": "System",
                "fontSize": 28,
                "fontWeight": "400",
              },
            ]
          }
        >
          No problem! Enter your email address and we will send you a link to reset your password
        </Text>
        <View
          style={
            Array [
              Object {
                "height": 120,
                "marginBottom": 10,
                "marginLeft": 0,
                "marginRight": 0,
                "marginTop": 10,
                "width": "100%",
              },
            ]
          }
        >
          <TextInput
            allowFontScaling={true}
            onChangeText={[Function]}
            placeholder="Email"
            placeholderTextColor="#aaa"
            rejectResponderTermination={true}
            selectionColor="#39D5A7"
            style={
              Array [
                Object {
                  "borderColor": "#aaa",
                  "borderRadius": 5,
                  "borderStyle": "solid",
                  "borderWidth": 1,
                  "fontSize": 28,
                  "paddingBottom": 32,
                  "paddingLeft": 32,
                  "paddingRight": 32,
                  "paddingTop": 32,
                  "width": "100%",
                },
              ]
            }
            underlineColorAndroid="transparent"
            value=""
          />
        </View>
        <View
          accessible={true}
          isTVSelectable={true}
          onResponderGrant={[Function]}
          onResponderMove={[Function]}
          onResponderRelease={[Function]}
          onResponderTerminate={[Function]}
          onResponderTerminationRequest={[Function]}
          onStartShouldSetResponder={[Function]}
          style={
            Object {
              "backgroundColor": "#39D5A7",
              "borderColor": "#39D5A7",
              "borderRadius": 5,
              "borderStyle": "solid",
              "borderWidth": 1,
              "height": 96,
              "marginBottom": 5,
              "marginLeft": 0,
              "marginRight": 0,
              "marginTop": 5,
              "opacity": 1,
              "paddingBottom": 30,
              "paddingLeft": 30,
              "paddingRight": 30,
              "paddingTop": 30,
              "width": "100%",
            }
          }
        >
          <View>
            <Text
              style={
                Array [
                  Object {
                    "fontFamily": "System",
                    "fontSize": 28,
                    "fontWeight": "400",
                  },
                  Object {
                    "color": "#fff",
                    "textAlign": "center",
                  },
                ]
              }
            >
              Reset password
            </Text>
          </View>
        </View>
      </View>
    </View>
  </RCTSafeAreaView>
</View>
`;
